../Core/Inc/font.h:12896:6:botton_init	4	static
../Core/Inc/font.h:12912:9:Leer_Botones	4	static
../Core/Inc/font.h:12921:6:ILI9488_SendCommand	16	static
../Core/Inc/font.h:12928:6:ILI9488_SendData	16	static
../Core/Inc/font.h:12935:6:ILI9488_Init	8	static
../Core/Inc/font.h:12962:6:ILI9488_FillScreen	24	static
../Core/Inc/font.h:12984:6:ILI9488_FillRect	40	static
../Core/Inc/font.h:13010:6:ILI9488_DrawImage	48	static
../Core/Inc/font.h:13040:6:ILI9488_DrawColorBars	32	static
../Core/Inc/font.h:13054:6:ILI9488_DrawChar	48	static
../Core/Inc/font.h:13073:6:ILI9488_DrawString	56	static
../Core/Inc/font.h:13084:6:Helios_DrawDashboard_Static	32	static
../Core/Inc/font.h:13115:6:Helios_UpdateTelemetry	96	static
../Core/Inc/font.h:13234:6:Helios_DrawRules_Static	32	static
../Core/Src/main.c:68:5:main	88	static
../Core/Src/main.c:244:6:SystemClock_Config	88	static
../Core/Src/main.c:291:13:MX_SPI1_Init	8	static
../Core/Src/main.c:331:13:MX_GPIO_Init	48	static
../Core/Src/main.c:392:6:Error_Handler	4	static,ignoring_inline_asm
